I'm sorry, but errors were detected in your script. Please correct the
errors listed below, and try again.


File "game/screens.rpy", line 817: keyword argument 'yinitial' appears more than once in a viewport statement.
    yinitial 0.0
            ^

Ren'Py Version: Ren'Py 8.1.0.23051307
Sun Jun 11 22:29:06 2023
